------------------------------------------------------------
Timing Analyzer Summary
------------------------------------------------------------

Type  : Slow 1200mV 85C Model Setup 'pll_inst|altpll_component|auto_generated|pll1|clk[1]'
Slack : -21.565
TNS   : -119.535

Type  : Slow 1200mV 85C Model Setup 'clk'
Slack : 74.516
TNS   : 0.000

Type  : Slow 1200mV 85C Model Hold 'pll_inst|altpll_component|auto_generated|pll1|clk[1]'
Slack : 0.360
TNS   : 0.000

Type  : Slow 1200mV 85C Model Hold 'clk'
Slack : 0.362
TNS   : 0.000

Type  : Slow 1200mV 85C Model Minimum Pulse Width 'pll_inst|altpll_component|auto_generated|pll1|clk[1]'
Slack : 9.680
TNS   : 0.000

Type  : Slow 1200mV 85C Model Minimum Pulse Width 'clk'
Slack : 41.369
TNS   : 0.000

Type  : Slow 1200mV 0C Model Setup 'pll_inst|altpll_component|auto_generated|pll1|clk[1]'
Slack : -18.556
TNS   : -102.399

Type  : Slow 1200mV 0C Model Setup 'clk'
Slack : 74.952
TNS   : 0.000

Type  : Slow 1200mV 0C Model Hold 'pll_inst|altpll_component|auto_generated|pll1|clk[1]'
Slack : 0.323
TNS   : 0.000

Type  : Slow 1200mV 0C Model Hold 'clk'
Slack : 0.324
TNS   : 0.000

Type  : Slow 1200mV 0C Model Minimum Pulse Width 'pll_inst|altpll_component|auto_generated|pll1|clk[1]'
Slack : 9.687
TNS   : 0.000

Type  : Slow 1200mV 0C Model Minimum Pulse Width 'clk'
Slack : 41.379
TNS   : 0.000

Type  : Fast 1200mV 0C Model Setup 'pll_inst|altpll_component|auto_generated|pll1|clk[1]'
Slack : 4.524
TNS   : 0.000

Type  : Fast 1200mV 0C Model Setup 'clk'
Slack : 79.926
TNS   : 0.000

Type  : Fast 1200mV 0C Model Hold 'clk'
Slack : 0.151
TNS   : 0.000

Type  : Fast 1200mV 0C Model Hold 'pll_inst|altpll_component|auto_generated|pll1|clk[1]'
Slack : 0.151
TNS   : 0.000

Type  : Fast 1200mV 0C Model Minimum Pulse Width 'pll_inst|altpll_component|auto_generated|pll1|clk[1]'
Slack : 9.724
TNS   : 0.000

Type  : Fast 1200mV 0C Model Minimum Pulse Width 'clk'
Slack : 40.996
TNS   : 0.000

------------------------------------------------------------
