Power Analyzer report for ballplayer
Sun Jun 08 11:28:01 2025
Quartus Prime Version 18.1.0 Build 625 09/12/2018 SJ Lite Edition


---------------------
; Table of Contents ;
---------------------
  1. Legal Notice
  2. Parallel Compilation
  3. Power Analyzer Summary
  4. Power Analyzer Settings
  5. Indeterminate Toggle Rates
  6. Operating Conditions Used
  7. Thermal Power Dissipation by Block
  8. Thermal Power Dissipation by Block Type
  9. Thermal Power Dissipation by Hierarchy
 10. Core Dynamic Thermal Power Dissipation by Clock Domain
 11. Current Drawn from Voltage Supplies Summary
 12. VCCIO Supply Current Drawn by I/O Bank
 13. VCCIO Supply Current Drawn by Voltage
 14. Confidence Metric Details
 15. Signal Activities
 16. Power Analyzer Messages



----------------
; Legal Notice ;
----------------
Copyright (C) 2018  Intel Corporation. All rights reserved.
Your use of Intel Corporation's design tools, logic functions 
and other software and tools, and its AMPP partner logic 
functions, and any output files from any of the foregoing 
(including device programming or simulation files), and any 
associated documentation or information are expressly subject 
to the terms and conditions of the Intel Program License 
Subscription Agreement, the Intel Quartus Prime License Agreement,
the Intel FPGA IP License Agreement, or other applicable license
agreement, including, without limitation, that your use is for
the sole purpose of programming logic devices manufactured by
Intel and sold by Intel or its authorized distributors.  Please
refer to the applicable agreement for further details.



+------------------------------------------+
; Parallel Compilation                     ;
+----------------------------+-------------+
; Processors                 ; Number      ;
+----------------------------+-------------+
; Number detected on machine ; 20          ;
; Maximum allowed            ; 4           ;
;                            ;             ;
; Average used               ; 2.30        ;
; Maximum used               ; 4           ;
;                            ;             ;
; Usage by Processor         ; % Time Used ;
;     Processor 1            ; 100.0%      ;
;     Processors 2-4         ;  43.4%      ;
+----------------------------+-------------+


+-------------------------------------------------------------------------------------------+
; Power Analyzer Summary                                                                    ;
+----------------------------------------+--------------------------------------------------+
; Power Analyzer Status                  ; Successful - Sun Jun 08 11:28:01 2025            ;
; Quartus Prime Version                  ; 18.1.0 Build 625 09/12/2018 SJ Lite Edition      ;
; Revision Name                          ; ballplayer                                       ;
; Top-level Entity Name                  ; ballplayer_key_switch_test_fixed                 ;
; Family                                 ; MAX 10                                           ;
; Device                                 ; 10M08SAM153C8G                                   ;
; Power Models                           ; Final                                            ;
; Total Thermal Power Dissipation        ; 1113.29 mW                                       ;
; Core Dynamic Thermal Power Dissipation ; 944.56 mW                                        ;
; Core Static Thermal Power Dissipation  ; 127.31 mW                                        ;
; I/O Thermal Power Dissipation          ; 41.43 mW                                         ;
; Power Estimation Confidence            ; Low: user provided insufficient toggle rate data ;
+----------------------------------------+--------------------------------------------------+


+--------------------------------------------------------------------------------------------+
; Power Analyzer Settings                                                                    ;
+------------------------------------------------------------------+---------+---------------+
; Option                                                           ; Setting ; Default Value ;
+------------------------------------------------------------------+---------+---------------+
; Maximum processors allowed for parallel compilation              ; 4       ;               ;
; Use smart compilation                                            ; Off     ; Off           ;
; Enable parallel Assembler and Timing Analyzer during compilation ; On      ; On            ;
; Enable compact report table                                      ; Off     ; Off           ;
; Default Power Toggle Rate                                        ; 12.5%   ; 12.5%         ;
; Default Power Input I/O Toggle Rate                              ; 12.5%   ; 12.5%         ;
; Use vectorless estimation                                        ; On      ; On            ;
; Use Input Files                                                  ; Off     ; Off           ;
; Filter Glitches in VCD File Reader                               ; On      ; On            ;
; Power Analyzer Report Signal Activity                            ; Off     ; Off           ;
; Power Analyzer Report Power Dissipation                          ; Off     ; Off           ;
; Device Power Characteristics                                     ; TYPICAL ; TYPICAL       ;
; Automatically Compute Junction Temperature                       ; On      ; On            ;
; Specified Junction Temperature                                   ; 25      ; 25            ;
; Ambient Temperature                                              ; 25      ; 25            ;
; Use Custom Cooling Solution                                      ; Off     ; Off           ;
; Board Temperature                                                ; 25      ; 25            ;
+------------------------------------------------------------------+---------+---------------+


+-------------------------------------+
; Indeterminate Toggle Rates          ;
+-------+-----------------------------+
; Node  ; Reason                      ;
+-------+-----------------------------+
; rst_n ; No valid clock domain found ;
+-------+-----------------------------+


+--------------------------------------------------------------------------+
; Operating Conditions Used                                                ;
+---------------------------------------------+----------------------------+
; Setting                                     ; Value                      ;
+---------------------------------------------+----------------------------+
; Device power characteristics                ; Typical                    ;
;                                             ;                            ;
; Voltages                                    ;                            ;
;     VCCA                                    ; 3.00 V                     ;
;     VCC_ONE                                 ; 3.00 V                     ;
;     3.3-V LVTTL I/O Standard                ; 3.3 V                      ;
;     3.3 V Schmitt Trigger I/O Standard      ; 3.3 V                      ;
;                                             ;                            ;
; Auto computed junction temperature          ; 53.3 degrees Celsius       ;
;     Ambient temperature                     ; 25.0 degrees Celsius       ;
;     Junction-to-Case thermal resistance     ; 11.00 degrees Celsius/Watt ;
;     Case-to-Heat Sink thermal resistance    ; 0.10 degrees Celsius/Watt  ;
;     Heat Sink-to-Ambient thermal resistance ; 14.30 degrees Celsius/Watt ;
;                                             ;                            ;
; Board model used                            ; None                       ;
+---------------------------------------------+----------------------------+


+----------------------------------------------------------------------------------------------------------------------------------------------+
; Thermal Power Dissipation by Block                                                                                                           ;
+------------+------------+---------------------+-----------------------------+--------------------------------+-------------------------------+
; Block Name ; Block Type ; Total Thermal Power ; Block Thermal Dynamic Power ; Block Thermal Static Power (1) ; Routing Thermal Dynamic Power ;
+------------+------------+---------------------+-----------------------------+--------------------------------+-------------------------------+
(1) The "Thermal Power Dissipation by Block" Table has been hidden. To show this table, please select the "Write power dissipation by block to report file" option under "PowerPlay Power Analyzer Settings".


+--------------------------------------------------------------------------------------------------------------------------------------------------------------------------------------------------------------------+
; Thermal Power Dissipation by Block Type                                                                                                                                                                            ;
+---------------------+-----------------------------------+-----------------------------+--------------------------------+-------------------------------+-----------------------------------------------------------+
; Block Type          ; Total Thermal Power by Block Type ; Block Thermal Dynamic Power ; Block Thermal Static Power (1) ; Routing Thermal Dynamic Power ; Block Average Toggle Rate (millions of transitions / sec) ;
+---------------------+-----------------------------------+-----------------------------+--------------------------------+-------------------------------+-----------------------------------------------------------+
; PLL                 ; 14.67 mW                          ; 14.67 mW                    ; --                             ; 0.00 mW                       ;   52.083                                                  ;
; Combinational cell  ; 364.17 mW                         ; 76.78 mW                    ; --                             ; 287.39 mW                     ;   88.376                                                  ;
; Clock control block ; 2.43 mW                           ; 0.00 mW                     ; --                             ; 2.43 mW                       ;   68.056                                                  ;
; Register cell       ; 1.42 mW                           ; 0.90 mW                     ; --                             ; 0.52 mW                       ;    5.201                                                  ;
; I/O                 ; 4.50 mW                           ; 3.02 mW                     ; 1.44 mW                        ; 0.03 mW                       ;    4.124                                                  ;
; Voltage Regulator   ; 562.67 mW                         ; 561.83 mW                   ; 0.84 mW                        ; --                            ; --                                                        ;
+---------------------+-----------------------------------+-----------------------------+--------------------------------+-------------------------------+-----------------------------------------------------------+
(1) The "Block Thermal Static Power" for all block types except Pins and the Voltage Regulator, if one exists, is part of the "Core Static Thermal Power Dissipation" value found on the PowerPlay Power Analyzer-->Summary report panel. The "Core Static Thermal Power Dissipation" also contains the thermal static power dissipated by the routing.


+-------------------------------------------------------------------------------------------------------------------------------------------------------------------------------------------------------------------------------------------------------------------------------------------------------------------------------------------------------------------------------------------------------+
; Thermal Power Dissipation by Hierarchy                                                                                                                                                                                                                                                                                                                                                                ;
+------------------------------------------------------------+--------------------------------------+---------------------------------+-----------------------------------+-----------------------------------+-----------------------------------------------------------------------------------------------------------------------------------------------------------------------------------------+
; Compilation Hierarchy Node                                 ; Total Thermal Power by Hierarchy (1) ; Block Thermal Dynamic Power (1) ; Block Thermal Static Power (1)(2) ; Routing Thermal Dynamic Power (1) ; Full Hierarchy Name                                                                                                                                                                     ;
+------------------------------------------------------------+--------------------------------------+---------------------------------+-----------------------------------+-----------------------------------+-----------------------------------------------------------------------------------------------------------------------------------------------------------------------------------------+
; |ballplayer_key_switch_test_fixed                          ; 949.86 mW (567.54 mW)                ; 657.21 mW (564.86 mW)           ; 2.28 mW (2.28 mW)                 ; 290.37 mW (0.40 mW)               ; |ballplayer_key_switch_test_fixed                                                                                                                                                       ;
;     |hard_block:auto_generated_inst                        ; 0.00 mW (0.00 mW)                    ; 0.00 mW (0.00 mW)               ; --                                ; 0.00 mW (0.00 mW)                 ; |ballplayer_key_switch_test_fixed|hard_block:auto_generated_inst                                                                                                                        ;
;     |array_keyboard_fixed:keyboard_inst                    ; 0.59 mW (0.59 mW)                    ; 0.19 mW (0.19 mW)               ; --                                ; 0.40 mW (0.40 mW)                 ; |ballplayer_key_switch_test_fixed|array_keyboard_fixed:keyboard_inst                                                                                                                    ;
;     |lcd_key_switch_display_240x160_fixed:lcd_display_inst ; 365.36 mW (62.39 mW)                 ; 77.48 mW (1.07 mW)              ; --                                ; 287.88 mW (61.32 mW)              ; |ballplayer_key_switch_test_fixed|lcd_key_switch_display_240x160_fixed:lcd_display_inst                                                                                                 ;
;         |lpm_divide:Div0                                   ; 3.57 mW (0.00 mW)                    ; 1.41 mW (0.00 mW)               ; --                                ; 2.16 mW (0.00 mW)                 ; |ballplayer_key_switch_test_fixed|lcd_key_switch_display_240x160_fixed:lcd_display_inst|lpm_divide:Div0                                                                                 ;
;             |lpm_divide_0ul:auto_generated                 ; 3.57 mW (0.00 mW)                    ; 1.41 mW (0.00 mW)               ; --                                ; 2.16 mW (0.00 mW)                 ; |ballplayer_key_switch_test_fixed|lcd_key_switch_display_240x160_fixed:lcd_display_inst|lpm_divide:Div0|lpm_divide_0ul:auto_generated                                                   ;
;                 |sign_div_unsign_2mh:divider               ; 3.57 mW (0.00 mW)                    ; 1.41 mW (0.00 mW)               ; --                                ; 2.16 mW (0.00 mW)                 ; |ballplayer_key_switch_test_fixed|lcd_key_switch_display_240x160_fixed:lcd_display_inst|lpm_divide:Div0|lpm_divide_0ul:auto_generated|sign_div_unsign_2mh:divider                       ;
;                     |alt_u_div_bie:divider                 ; 3.57 mW (3.57 mW)                    ; 1.41 mW (1.41 mW)               ; --                                ; 2.16 mW (2.16 mW)                 ; |ballplayer_key_switch_test_fixed|lcd_key_switch_display_240x160_fixed:lcd_display_inst|lpm_divide:Div0|lpm_divide_0ul:auto_generated|sign_div_unsign_2mh:divider|alt_u_div_bie:divider ;
;         |lpm_divide:Mod0                                   ; 4.11 mW (0.00 mW)                    ; 1.72 mW (0.00 mW)               ; --                                ; 2.39 mW (0.00 mW)                 ; |ballplayer_key_switch_test_fixed|lcd_key_switch_display_240x160_fixed:lcd_display_inst|lpm_divide:Mod0                                                                                 ;
;             |lpm_divide_3ml:auto_generated                 ; 4.11 mW (0.00 mW)                    ; 1.72 mW (0.00 mW)               ; --                                ; 2.39 mW (0.00 mW)                 ; |ballplayer_key_switch_test_fixed|lcd_key_switch_display_240x160_fixed:lcd_display_inst|lpm_divide:Mod0|lpm_divide_3ml:auto_generated                                                   ;
;                 |sign_div_unsign_2mh:divider               ; 4.11 mW (0.00 mW)                    ; 1.72 mW (0.00 mW)               ; --                                ; 2.39 mW (0.00 mW)                 ; |ballplayer_key_switch_test_fixed|lcd_key_switch_display_240x160_fixed:lcd_display_inst|lpm_divide:Mod0|lpm_divide_3ml:auto_generated|sign_div_unsign_2mh:divider                       ;
;                     |alt_u_div_bie:divider                 ; 4.11 mW (4.11 mW)                    ; 1.72 mW (1.72 mW)               ; --                                ; 2.39 mW (2.39 mW)                 ; |ballplayer_key_switch_test_fixed|lcd_key_switch_display_240x160_fixed:lcd_display_inst|lpm_divide:Mod0|lpm_divide_3ml:auto_generated|sign_div_unsign_2mh:divider|alt_u_div_bie:divider ;
;         |lcd_init:lcd_init_inst                            ; 0.60 mW (0.60 mW)                    ; 0.45 mW (0.45 mW)               ; --                                ; 0.15 mW (0.15 mW)                 ; |ballplayer_key_switch_test_fixed|lcd_key_switch_display_240x160_fixed:lcd_display_inst|lcd_init:lcd_init_inst                                                                          ;
;         |lcd_write:lcd_write_inst                          ; 0.22 mW (0.22 mW)                    ; 0.14 mW (0.14 mW)               ; --                                ; 0.08 mW (0.08 mW)                 ; |ballplayer_key_switch_test_fixed|lcd_key_switch_display_240x160_fixed:lcd_display_inst|lcd_write:lcd_write_inst                                                                        ;
;         |multi_image_rom_240x160:multi_rom_inst            ; 294.47 mW (0.05 mW)                  ; 72.70 mW (0.04 mW)              ; --                                ; 221.77 mW (0.01 mW)               ; |ballplayer_key_switch_test_fixed|lcd_key_switch_display_240x160_fixed:lcd_display_inst|multi_image_rom_240x160:multi_rom_inst                                                          ;
;             |image_0_rom:image_0_inst                      ; 74.48 mW (74.48 mW)                  ; 23.51 mW (23.51 mW)             ; --                                ; 50.97 mW (50.97 mW)               ; |ballplayer_key_switch_test_fixed|lcd_key_switch_display_240x160_fixed:lcd_display_inst|multi_image_rom_240x160:multi_rom_inst|image_0_rom:image_0_inst                                 ;
;             |image_2_rom:image_2_inst                      ; 104.56 mW (104.56 mW)                ; 29.85 mW (29.85 mW)             ; --                                ; 74.71 mW (74.71 mW)               ; |ballplayer_key_switch_test_fixed|lcd_key_switch_display_240x160_fixed:lcd_display_inst|multi_image_rom_240x160:multi_rom_inst|image_2_rom:image_2_inst                                 ;
;             |image_4_rom:image_4_inst                      ; 115.38 mW (115.38 mW)                ; 19.29 mW (19.29 mW)             ; --                                ; 96.08 mW (96.08 mW)               ; |ballplayer_key_switch_test_fixed|lcd_key_switch_display_240x160_fixed:lcd_display_inst|multi_image_rom_240x160:multi_rom_inst|image_4_rom:image_4_inst                                 ;
;     |ballplayer_pll:pll_inst                               ; 16.37 mW (0.00 mW)                   ; 14.67 mW (0.00 mW)              ; --                                ; 1.69 mW (0.00 mW)                 ; |ballplayer_key_switch_test_fixed|ballplayer_pll:pll_inst                                                                                                                               ;
;         |altpll:altpll_component                           ; 16.37 mW (0.00 mW)                   ; 14.67 mW (0.00 mW)              ; --                                ; 1.69 mW (0.00 mW)                 ; |ballplayer_key_switch_test_fixed|ballplayer_pll:pll_inst|altpll:altpll_component                                                                                                       ;
;             |ballplayer_pll_altpll1:auto_generated         ; 16.37 mW (16.37 mW)                  ; 14.67 mW (14.67 mW)             ; --                                ; 1.69 mW (1.69 mW)                 ; |ballplayer_key_switch_test_fixed|ballplayer_pll:pll_inst|altpll:altpll_component|ballplayer_pll_altpll1:auto_generated                                                                 ;
+------------------------------------------------------------+--------------------------------------+---------------------------------+-----------------------------------+-----------------------------------+-----------------------------------------------------------------------------------------------------------------------------------------------------------------------------------------+
(1) Value in parentheses is the power consumed at that level of hierarchy. Value not in parentheses is the power consumed at that level of hierarchy plus the power consumed by all levels of hierarchy below it.

(2) The "Block Thermal Static Power" for all levels of hierarchy except the top-level hierarchy is part of the "Core Static Thermal Power Dissipation" value found on the PowerPlay Power Analyzer-->Summary report panel. The "Core Static Thermal Power Dissipation" also contains the thermal static power dissipated by the routing.


+-----------------------------------------------------------------------------------------------------------------------------------------------------------+
; Core Dynamic Thermal Power Dissipation by Clock Domain                                                                                                    ;
+--------------------------------------------------------------------------------------------------------+-----------------------+--------------------------+
; Clock Domain                                                                                           ; Clock Frequency (MHz) ; Total Core Dynamic Power ;
+--------------------------------------------------------------------------------------------------------+-----------------------+--------------------------+
; ballplayer_pll:pll_inst|altpll:altpll_component|ballplayer_pll_altpll1:auto_generated|wire_pll1_clk[1] ; 52.08                 ; 367.05                   ;
; clk                                                                                                    ; 25.00                 ; 1.00                     ;
; No clock domain                                                                                        ; 0.00                  ; 14.67                    ;
+--------------------------------------------------------------------------------------------------------+-----------------------+--------------------------+


+------------------------------------------------------------------------------------------------------------------------------------+
; Current Drawn from Voltage Supplies Summary                                                                                        ;
+----------------+-------------------------+---------------------------+--------------------------+----------------------------------+
; Voltage Supply ; Total Current Drawn (1) ; Dynamic Current Drawn (1) ; Static Current Drawn (1) ; Minimum Power Supply Current (2) ;
+----------------+-------------------------+---------------------------+--------------------------+----------------------------------+
; VCCIO          ; 12.63 mA                ; 0.90 mA                   ; 11.73 mA                 ; 12.63 mA                         ;
; VCCA           ; 5.80 mA                 ; 2.74 mA                   ; 3.06 mA                  ; 5.80 mA                          ;
; VCC_ONE        ; 351.50 mA               ; 312.13 mA                 ; 39.38 mA                 ; 351.50 mA                        ;
+----------------+-------------------------+---------------------------+--------------------------+----------------------------------+
(1) Currents reported in columns "Total Current Drawn", "Dynamic Current Drawn", and "Static Current Drawn" are sufficient for user operation of the device.  
(2) Currents reported in column "Minimum Power Supply Current" are sufficient for power-up, configuration, and user operation of the device.


+-----------------------------------------------------------------------------------------------+
; VCCIO Supply Current Drawn by I/O Bank                                                        ;
+----------+---------------+---------------------+-----------------------+----------------------+
; I/O Bank ; VCCIO Voltage ; Total Current Drawn ; Dynamic Current Drawn ; Static Current Drawn ;
+----------+---------------+---------------------+-----------------------+----------------------+
; 1A       ; 3.3V          ; 1.60 mA             ; 0.00 mA               ; 1.60 mA              ;
; 1B       ; 3.3V          ; 1.67 mA             ; 0.00 mA               ; 1.67 mA              ;
; 2        ; 3.3V          ; 1.69 mA             ; 0.07 mA               ; 1.62 mA              ;
; 3        ; 3.3V          ; 2.34 mA             ; 0.52 mA               ; 1.82 mA              ;
; 4        ; --            ; --                  ; --                    ; --                   ;
; 5        ; 3.3V          ; 2.05 mA             ; 0.30 mA               ; 1.75 mA              ;
; 6        ; 3.3V          ; 1.60 mA             ; 0.00 mA               ; 1.60 mA              ;
; 7        ; --            ; --                  ; --                    ; --                   ;
; 8        ; 3.3V          ; 1.68 mA             ; 0.00 mA               ; 1.68 mA              ;
+----------+---------------+---------------------+-----------------------+----------------------+


+-----------------------------------------------------------------------------------------------------------------------------------+
; VCCIO Supply Current Drawn by Voltage                                                                                             ;
+---------------+-------------------------+---------------------------+--------------------------+----------------------------------+
; VCCIO Voltage ; Total Current Drawn (1) ; Dynamic Current Drawn (1) ; Static Current Drawn (1) ; Minimum Power Supply Current (2) ;
+---------------+-------------------------+---------------------------+--------------------------+----------------------------------+
; 3.3V          ; 12.63 mA                ; 0.90 mA                   ; 11.73 mA                 ; 12.63 mA                         ;
+---------------+-------------------------+---------------------------+--------------------------+----------------------------------+
(1) Currents reported in columns "Total Current Drawn", "Dynamic Current Drawn", and "Static Current Drawn" are sufficient for user operation of the device.  
(2) Currents reported in column "Minimum Power Supply Current" are sufficient for power-up, configuration, and user operation of the device.


+---------------------------------------------------------------------------------------------------------------------------------------------------+
; Confidence Metric Details                                                                                                                         ;
+----------------------------------------------------------------------------------------+--------------+------------+--------------+---------------+
; Data Source                                                                            ; Total        ; Pin        ; Registered   ; Combinational ;
+----------------------------------------------------------------------------------------+--------------+------------+--------------+---------------+
; Simulation (from file)                                                                 ;              ;            ;              ;               ;
;     -- Number of signals with Toggle Rate from Simulation                              ; 0 (0.0%)     ; 0 (0.0%)   ; 0 (0.0%)     ; 0 (0.0%)      ;
;     -- Number of signals with Static Probability from Simulation                       ; 0 (0.0%)     ; 0 (0.0%)   ; 0 (0.0%)     ; 0 (0.0%)      ;
;                                                                                        ;              ;            ;              ;               ;
; Node, entity or clock assignment                                                       ;              ;            ;              ;               ;
;     -- Number of signals with Toggle Rate from Node, entity or clock assignment        ; 5 (0.1%)     ; 1 (3.1%)   ; 0 (0.0%)     ; 4 (0.1%)      ;
;     -- Number of signals with Static Probability from Node, entity or clock assignment ; 5 (0.1%)     ; 1 (3.1%)   ; 0 (0.0%)     ; 4 (0.1%)      ;
;                                                                                        ;              ;            ;              ;               ;
; Vectorless estimation                                                                  ;              ;            ;              ;               ;
;     -- Number of signals with Toggle Rate from Vectorless estimation                   ; 7112 (99.8%) ; 20 (62.5%) ; 235 (100.0%) ; 6857 (99.9%)  ;
;     -- Number of signals with Zero toggle rate, from Vectorless estimation             ; 8 (0.1%)     ; 2 (6.3%)   ; 1 (0.4%)     ; 5 (0.1%)      ;
;     -- Number of signals with Static Probability from Vectorless estimation            ; 7112 (99.8%) ; 20 (62.5%) ; 235 (100.0%) ; 6857 (99.9%)  ;
;                                                                                        ;              ;            ;              ;               ;
; Default assignment                                                                     ;              ;            ;              ;               ;
;     -- Number of signals with Toggle Rate from Default assignment                      ; 4 (0.1%)     ; 4 (12.5%)  ; 0 (0.0%)     ; 0 (0.0%)      ;
;     -- Number of signals with Static Probability from Default assignment               ; 11 (0.2%)    ; 11 (34.4%) ; 0 (0.0%)     ; 0 (0.0%)      ;
;                                                                                        ;              ;            ;              ;               ;
; Assumed 0                                                                              ;              ;            ;              ;               ;
;     -- Number of signals with Toggle Rate assumed 0                                    ; 7 (0.1%)     ; 7 (21.9%)  ; 0 (0.0%)     ; 0 (0.0%)      ;
+----------------------------------------------------------------------------------------+--------------+------------+--------------+---------------+


+---------------------------------------------------------------------------------------------------------------------------------------------+
; Signal Activities                                                                                                                           ;
+--------+------+---------------------------------------------+-------------------------+--------------------+--------------------------------+
; Signal ; Type ; Toggle Rate (millions of transitions / sec) ; Toggle Rate Data Source ; Static Probability ; Static Probability Data Source ;
+--------+------+---------------------------------------------+-------------------------+--------------------+--------------------------------+
(1) The "Signal Activity" Table has been hidden. To show this table, please select the "Write signal activities to report file" option under "PowerPlay Power Analyzer Settings".


+-------------------------+
; Power Analyzer Messages ;
+-------------------------+
Info: *******************************************************************
Info: Running Quartus Prime Power Analyzer
    Info: Version 18.1.0 Build 625 09/12/2018 SJ Lite Edition
    Info: Processing started: Sun Jun 08 11:27:56 2025
Info: Command: quartus_pow --read_settings_files=off --write_settings_files=off ballplayer -c ballplayer
Info (21077): Low junction temperature is 0 degrees C
Info (21077): High junction temperature is 85 degrees C
Info (332104): Reading SDC File: 'ballplayer_multi_image.sdc'
Warning (332174): Ignored filter at ballplayer_multi_image.sdc(15): led_status[*] could not be matched with a port File: D:/Quartus_Project/ballplayer/ballplayer_multi_image.sdc Line: 15
Warning (332049): Ignored set_output_delay at ballplayer_multi_image.sdc(15): Argument <targets> is an empty collection File: D:/Quartus_Project/ballplayer/ballplayer_multi_image.sdc Line: 15
    Info (332050): set_output_delay -clock "clk" -max 2.0 [get_ports {led_status[*]}] File: D:/Quartus_Project/ballplayer/ballplayer_multi_image.sdc Line: 15
Warning (332049): Ignored set_output_delay at ballplayer_multi_image.sdc(16): Argument <targets> is an empty collection File: D:/Quartus_Project/ballplayer/ballplayer_multi_image.sdc Line: 16
    Info (332050): set_output_delay -clock "clk" -min 0.5 [get_ports {led_status[*]}] File: D:/Quartus_Project/ballplayer/ballplayer_multi_image.sdc Line: 16
Warning (332174): Ignored filter at ballplayer_multi_image.sdc(22): *rom* could not be matched with a cell File: D:/Quartus_Project/ballplayer/ballplayer_multi_image.sdc Line: 22
Warning (332049): Ignored set_multicycle_path at ballplayer_multi_image.sdc(22): Argument <from> is an empty collection File: D:/Quartus_Project/ballplayer/ballplayer_multi_image.sdc Line: 22
    Info (332050): set_multicycle_path -setup -end 2 -from [get_cells {*rom*}] -to [get_cells {*lcd*}] File: D:/Quartus_Project/ballplayer/ballplayer_multi_image.sdc Line: 22
Warning (332049): Ignored set_multicycle_path at ballplayer_multi_image.sdc(23): Argument <from> is an empty collection File: D:/Quartus_Project/ballplayer/ballplayer_multi_image.sdc Line: 23
    Info (332050): set_multicycle_path -hold -end 1 -from [get_cells {*rom*}] -to [get_cells {*lcd*}] File: D:/Quartus_Project/ballplayer/ballplayer_multi_image.sdc Line: 23
Warning (332174): Ignored filter at ballplayer_multi_image.sdc(26): *image_timer* could not be matched with a cell File: D:/Quartus_Project/ballplayer/ballplayer_multi_image.sdc Line: 26
Warning (332174): Ignored filter at ballplayer_multi_image.sdc(26): *current_image* could not be matched with a cell File: D:/Quartus_Project/ballplayer/ballplayer_multi_image.sdc Line: 26
Warning (332049): Ignored set_multicycle_path at ballplayer_multi_image.sdc(26): Argument <from> is an empty collection File: D:/Quartus_Project/ballplayer/ballplayer_multi_image.sdc Line: 26
    Info (332050): set_multicycle_path -setup -end 5 -from [get_cells {*image_timer*}] -to [get_cells {*current_image*}] File: D:/Quartus_Project/ballplayer/ballplayer_multi_image.sdc Line: 26
Warning (332049): Ignored set_multicycle_path at ballplayer_multi_image.sdc(26): Argument <to> is an empty collection File: D:/Quartus_Project/ballplayer/ballplayer_multi_image.sdc Line: 26
Warning (332049): Ignored set_multicycle_path at ballplayer_multi_image.sdc(27): Argument <from> is an empty collection File: D:/Quartus_Project/ballplayer/ballplayer_multi_image.sdc Line: 27
    Info (332050): set_multicycle_path -hold -end 4 -from [get_cells {*image_timer*}] -to [get_cells {*current_image*}] File: D:/Quartus_Project/ballplayer/ballplayer_multi_image.sdc Line: 27
Warning (332049): Ignored set_multicycle_path at ballplayer_multi_image.sdc(27): Argument <to> is an empty collection File: D:/Quartus_Project/ballplayer/ballplayer_multi_image.sdc Line: 27
Warning (332049): Ignored set_multicycle_path at ballplayer_multi_image.sdc(36): Argument <from> is an empty collection File: D:/Quartus_Project/ballplayer/ballplayer_multi_image.sdc Line: 36
    Info (332050): set_multicycle_path -setup -end 3 -from [get_cells {*rom*}] -to [get_cells {*lcd*}] File: D:/Quartus_Project/ballplayer/ballplayer_multi_image.sdc Line: 36
Warning (332049): Ignored set_multicycle_path at ballplayer_multi_image.sdc(37): Argument <from> is an empty collection File: D:/Quartus_Project/ballplayer/ballplayer_multi_image.sdc Line: 37
    Info (332050): set_multicycle_path -hold -end 2 -from [get_cells {*rom*}] -to [get_cells {*lcd*}] File: D:/Quartus_Project/ballplayer/ballplayer_multi_image.sdc Line: 37
Warning (332060): Node: array_keyboard_fixed:keyboard_inst|clk_200hz was determined to be a clock but was found without an associated clock assignment.
    Info (13166): Register array_keyboard_fixed:keyboard_inst|key_out[12] is being clocked by array_keyboard_fixed:keyboard_inst|clk_200hz
Warning (332056): PLL cross checking found inconsistent PLL clock settings:
    Warning (332056): Clock: clk_25mhz with master clock period: 40.000 found on PLL node: pll_inst|altpll_component|auto_generated|pll1|clk[1] does not match the master clock period requirement: 83.333
Critical Warning (332168): The following clock transfers have no clock uncertainty assignment. For more accurate results, apply clock uncertainty assignments or use the derive_clock_uncertainty command.
    Critical Warning (332169): From clk (Rise) to clk (Rise) (setup and hold)
    Critical Warning (332169): From clk_25mhz (Rise) to clk_25mhz (Rise) (setup and hold)
Info (223000): Starting Vectorless Power Activity Estimation
Warning (222013): Relative toggle rates could not be calculated because no clock domain could be identified for some nodes
Info (223001): Completed Vectorless Power Activity Estimation
Info (218000): Using Advanced I/O Power to simulate I/O buffers with the specified board trace model
Warning (215044): No board thermal model was selected.  Analyzing without board thermal modeling.
Info (334003): Started post-fitting delay annotation
Info (334004): Delay annotation completed successfully
Info (215049): Average toggle rate for this design is 85.226 millions of transitions / sec
Info (215031): Total thermal power estimate for the design is 1113.29 mW
Info: Quartus Prime Power Analyzer was successful. 0 errors, 22 warnings
    Info: Peak virtual memory: 4867 megabytes
    Info: Processing ended: Sun Jun 08 11:28:01 2025
    Info: Elapsed time: 00:00:05
    Info: Total CPU time (on all processors): 00:00:09


